============================= test session starts =============================
platform win32 -- Python 3.11.9, pytest-7.4.3, pluggy-1.6.0 -- C:\Users\1\AppData\Local\Microsoft\WindowsApps\PythonSoftwareFoundation.Python.3.11_qbz5n2kfra8p0\python.exe
cachedir: .pytest_cache
rootdir: C:\Home\Code\Multiplayer Card Game\backend
plugins: anyio-3.7.1, cov-7.0.0, mock-3.12.0
collecting ... collected 1 item

test_api_comprehensive.py::TestComprehensiveAPI::test_set_player_ready_comprehensive FAILED [100%]

================================== FAILURES ===================================
__________ TestComprehensiveAPI.test_set_player_ready_comprehensive ___________

self = <test_api_comprehensive.TestComprehensiveAPI object at 0x00000241895758D0>

    def test_set_player_ready_comprehensive(self):
        """Test setting player ready with all scenarios"""
        self.test_join_room_comprehensive()
    
        # Set player 1 ready
        response = self.client.post("/rooms/player-ready", json={
            "room_id": self.room_id,
            "player_id": self.player1_id,
            "is_ready": True
        })
        assert response.status_code == 200
        data = response.json()
        assert data["success"] == True
        assert data["game_state"]["player1_ready"] == True
        assert data["game_state"]["phase"] == "waiting"  # Still waiting for player 2
    
        # Set player 2 ready
        response = self.client.post("/rooms/player-ready", json={
            "room_id": self.room_id,
            "player_id": self.player2_id,
            "is_ready": True
        })
        assert response.status_code == 200
        data = response.json()
        assert data["success"] == True
        assert data["game_state"]["player2_ready"] == True
        assert data["game_state"]["phase"] == "dealer"  # Auto-transition
    
        # Set player ready to false
        response = self.client.post("/rooms/player-ready", json={
            "room_id": self.room_id,
            "player_id": self.player1_id,
            "is_ready": False
        })
        assert response.status_code == 200
>       assert data["game_state"]["player1_ready"] == False
E       assert True == False

test_api_comprehensive.py:308: AssertionError
============================== warnings summary ===============================
database.py:82
  C:\Home\Code\Multiplayer Card Game\backend\database.py:82: MovedIn20Warning: The ``declarative_base()`` function is now available as sqlalchemy.orm.declarative_base(). (deprecated since: 2.0) (Background on SQLAlchemy 2.0 at: https://sqlalche.me/e/b8d9)
    Base = declarative_base()

main.py:294
  C:\Home\Code\Multiplayer Card Game\backend\main.py:294: DeprecationWarning: 
          on_event is deprecated, use lifespan event handlers instead.
  
          Read more about it in the
          [FastAPI docs for Lifespan Events](https://fastapi.tiangolo.com/advanced/events/).
          
    @app.on_event("startup")

..\..\..\..\Users\1\AppData\Local\Packages\PythonSoftwareFoundation.Python.3.11_qbz5n2kfra8p0\LocalCache\local-packages\Python311\site-packages\fastapi\applications.py:4547
..\..\..\..\Users\1\AppData\Local\Packages\PythonSoftwareFoundation.Python.3.11_qbz5n2kfra8p0\LocalCache\local-packages\Python311\site-packages\fastapi\applications.py:4547
  C:\Users\1\AppData\Local\Packages\PythonSoftwareFoundation.Python.3.11_qbz5n2kfra8p0\LocalCache\local-packages\Python311\site-packages\fastapi\applications.py:4547: DeprecationWarning: 
          on_event is deprecated, use lifespan event handlers instead.
  
          Read more about it in the
          [FastAPI docs for Lifespan Events](https://fastapi.tiangolo.com/advanced/events/).
          
    return self.router.on_event(event_type)

main.py:300
  C:\Home\Code\Multiplayer Card Game\backend\main.py:300: DeprecationWarning: 
          on_event is deprecated, use lifespan event handlers instead.
  
          Read more about it in the
          [FastAPI docs for Lifespan Events](https://fastapi.tiangolo.com/advanced/events/).
          
    @app.on_event("shutdown")

-- Docs: https://docs.pytest.org/en/stable/how-to/capture-warnings.html
=========================== short test summary info ===========================
FAILED test_api_comprehensive.py::TestComprehensiveAPI::test_set_player_ready_comprehensive
======================== 1 failed, 5 warnings in 2.82s ========================
